// Jest Snapshot v1, https://goo.gl/fbAQLP

exports[`index imports 1`] = `
[
  "AbstractActions",
  "ActionExecutionResultCode",
  "AtemActions",
  "AtemMediaPoolType",
  "AtemTransitionStyle",
  "BlendMode",
  "CasparCGActions",
  "CasparCGDevice",
  "ChannelFormat",
  "Chroma",
  "Conductor",
  "Device",
  "DeviceContainer",
  "DeviceType",
  "Direction",
  "DoOnTime",
  "Ease",
  "HyperdeckActions",
  "HyperdeckDevice",
  "LOOKAHEADTIME",
  "LawoDeviceMode",
  "MINTIMEUNIT",
  "MINTRIGGERTIME",
  "MappingAtemType",
  "MappingHyperdeckType",
  "MappingLawoType",
  "MappingOBSType",
  "MappingPanasonicPtzType",
  "MappingSisyfosType",
  "MappingVMixType",
  "MediaSourceType",
  "OBSRequest",
  "OSCDeviceType",
  "OSCValueType",
  "PREPARETIME",
  "QuantelActions",
  "QuantelControlMode",
  "QuantelDevice",
  "QuantelTransitionType",
  "SendMode",
  "ShotokuTransitionType",
  "SlotId",
  "SlotStatus",
  "StatusCode",
  "Timeline",
  "TimelineContentTypeAtem",
  "TimelineContentTypeCasparCg",
  "TimelineContentTypeHTTP",
  "TimelineContentTypeHTTPParamType",
  "TimelineContentTypeHyperdeck",
  "TimelineContentTypeLawo",
  "TimelineContentTypeOBS",
  "TimelineContentTypeOSC",
  "TimelineContentTypePanasonicPtz",
  "TimelineContentTypePharos",
  "TimelineContentTypeShotoku",
  "TimelineContentTypeSingularLive",
  "TimelineContentTypeSisyfos",
  "TimelineContentTypeSofieChef",
  "TimelineContentTypeTcp",
  "TimelineContentTypeVMix",
  "TimelineContentTypeVizMSE",
  "Transition",
  "TranslationsBundleType",
  "TransportStatus",
  "VIZMSETransitionType",
  "VMixCommand",
  "VMixInputType",
  "VMixTransitionType",
  "VideoFormat",
  "VizMSEActions",
  "VizMSEDevice",
  "manifest",
]
`;
